
> bikefit-ai@0.1.0 lint
> npm-run-all lint:eslint lint:runtime-boundaries lint:tooltips lint:contrast lint:css-modules lint:images


> bikefit-ai@0.1.0 lint:eslint
> eslint


/Users/ortwinverreck/Developer/bestbikefit4u-rider/src/app/(public)/calculators/bike-fit/BikeFitCalculatorForm.tsx
  71:7  error  Error: Calling setState synchronously within an effect can trigger cascading renders

Effects are intended to synchronize state between React and external systems such as manually updating the DOM, state management libraries, or other platform APIs. In general, the body of an effect should do one or both of the following:
* Update external systems with the latest state from React.
* Subscribe for updates from some external system, calling setState in a callback function when external state changes.

Calling setState synchronously within an effect body causes cascading renders that can hurt performance, and is not recommended. (https://react.dev/learn/you-might-not-need-an-effect).

/Users/ortwinverreck/Developer/bestbikefit4u-rider/src/app/(public)/calculators/bike-fit/BikeFitCalculatorForm.tsx:71:7
  69 |     const heightCmEntry = handoff.getPrefill("heightCm");
  70 |     if (typeof heightCmEntry?.value === "number" && heightCmEntry.value >= 130 && heightCmEntry.value <= 210) {
> 71 |       setHeightCm(heightCmEntry.value);
     |       ^^^^^^^^^^^ Avoid calling setState() directly within an effect
  72 |       used.push("heightCm");
  73 |     }
  74 |     const inseamCmEntry = handoff.getPrefill("inseamCm");  react-hooks/set-state-in-effect

/Users/ortwinverreck/Developer/bestbikefit4u-rider/src/app/(public)/calculators/crank-length/CrankLengthCalculatorForm.tsx
  74:7  error  Error: Calling setState synchronously within an effect can trigger cascading renders

Effects are intended to synchronize state between React and external systems such as manually updating the DOM, state management libraries, or other platform APIs. In general, the body of an effect should do one or both of the following:
* Update external systems with the latest state from React.
* Subscribe for updates from some external system, calling setState in a callback function when external state changes.

Calling setState synchronously within an effect body causes cascading renders that can hurt performance, and is not recommended. (https://react.dev/learn/you-might-not-need-an-effect).

/Users/ortwinverreck/Developer/bestbikefit4u-rider/src/app/(public)/calculators/crank-length/CrankLengthCalculatorForm.tsx:74:7
  72 |     const inseamCmEntry = handoff.getPrefill("inseamCm");
  73 |     if (typeof inseamCmEntry?.value === "number" && inseamCmEntry.value >= 55 && inseamCmEntry.value <= 105) {
> 74 |       setInseamCm(inseamCmEntry.value);
     |       ^^^^^^^^^^^ Avoid calling setState() directly within an effect
  75 |       setEdited(true);
  76 |       used.push("inseamCm");
  77 |     }  react-hooks/set-state-in-effect

/Users/ortwinverreck/Developer/bestbikefit4u-rider/src/app/(public)/calculators/frame-size/FrameSizeCalculatorForm.tsx
  68:7  error  Error: Calling setState synchronously within an effect can trigger cascading renders

Effects are intended to synchronize state between React and external systems such as manually updating the DOM, state management libraries, or other platform APIs. In general, the body of an effect should do one or both of the following:
* Update external systems with the latest state from React.
* Subscribe for updates from some external system, calling setState in a callback function when external state changes.

Calling setState synchronously within an effect body causes cascading renders that can hurt performance, and is not recommended. (https://react.dev/learn/you-might-not-need-an-effect).

/Users/ortwinverreck/Developer/bestbikefit4u-rider/src/app/(public)/calculators/frame-size/FrameSizeCalculatorForm.tsx:68:7
  66 |     const heightCmEntry = handoff.getPrefill("heightCm");
  67 |     if (typeof heightCmEntry?.value === "number" && heightCmEntry.value >= 130 && heightCmEntry.value <= 210) {
> 68 |       setHeightCm(heightCmEntry.value);
     |       ^^^^^^^^^^^ Avoid calling setState() directly within an effect
  69 |       confirmHeight(true);
  70 |       used.push("heightCm");
  71 |     }  react-hooks/set-state-in-effect

/Users/ortwinverreck/Developer/bestbikefit4u-rider/src/app/(public)/calculators/saddle-height/SaddleHeightCalculatorForm.tsx
  140:5  error  Error: This value cannot be modified

Modifying a value returned from a hook is not allowed. Consider moving the modification into the hook where the value is constructed.

/Users/ortwinverreck/Developer/bestbikefit4u-rider/src/app/(public)/calculators/saddle-height/SaddleHeightCalculatorForm.tsx:140:5
  138 |   useEffect(() => {
  139 |     if (!publicMode || !handoff.ready || prefilled.current) return;
> 140 |     prefilled.current = true;
      |     ^^^^^^^^^ `prefilled` cannot be modified
  141 |     const used: HandoffField[] = [];
  142 |     const inseamCmEntry = handoff.getPrefill("inseamCm");
  143 |     if (typeof inseamCmEntry?.value === "number" && inseamCmEntry.value >= 55 && inseamCmEntry.value <= 105) {

Hint: If this value is a Ref (value returned by `useRef()`), rename the variable to end in "Ref"  react-hooks/immutability

/Users/ortwinverreck/Developer/bestbikefit4u-rider/src/app/(public)/calculators/saddle-width/SaddleWidthCalculatorForm.tsx
  99:7  error  Error: Calling setState synchronously within an effect can trigger cascading renders

Effects are intended to synchronize state between React and external systems such as manually updating the DOM, state management libraries, or other platform APIs. In general, the body of an effect should do one or both of the following:
* Update external systems with the latest state from React.
* Subscribe for updates from some external system, calling setState in a callback function when external state changes.

Calling setState synchronously within an effect body causes cascading renders that can hurt performance, and is not recommended. (https://react.dev/learn/you-might-not-need-an-effect).

/Users/ortwinverreck/Developer/bestbikefit4u-rider/src/app/(public)/calculators/saddle-width/SaddleWidthCalculatorForm.tsx:99:7
   97 |     const sitBoneWidthMmEntry = handoff.getPrefill("sitBoneWidthMm");
   98 |     if (typeof sitBoneWidthMmEntry?.value === "number" && sitBoneWidthMmEntry.value >= SIT_BONE_WIDTH_RANGE.min && sitBoneWidthMmEntry.value <= SIT_BONE_WIDTH_RANGE.max) {
>  99 |       setSitBone(sitBoneWidthMmEntry.value);
      |       ^^^^^^^^^^ Avoid calling setState() directly within an effect
  100 |       setMode("measured");
  101 |       setConfirmedFields((previous) => [...new Set([...previous, "sitBone"])]);
  102 |       used.push("sitBoneWidthMm");  react-hooks/set-state-in-effect

✖ 5 problems (5 errors, 0 warnings)

ERROR: "lint:eslint" exited with 1.
