
> bikefit-ai@0.1.0 typecheck
> tsc --noEmit --incremental false

src/app/(public)/calculators/bike-fit/BikeFitCalculatorForm.tsx(5,40): error TS2307: Cannot find module '@/components/calculators/PersonalizeAdviceBlock' or its corresponding type declarations.
src/app/(public)/calculators/bike-fit/BikeFitCalculatorForm.tsx(6,38): error TS2307: Cannot find module '@/components/calculators/HandoffPrefillNotice' or its corresponding type declarations.
src/app/(public)/calculators/bike-fit/BikeFitCalculatorForm.tsx(153,7): error TS2322: Type '{ notice: false | Element; afterResults: false | Element; eyebrow: string; title: string; description: string; inputs: Element; results: Element; stickyResult: Element; }' is not assignable to type 'IntrinsicAttributes & ConfiguratorLayoutProps'.
  Property 'notice' does not exist on type 'IntrinsicAttributes & ConfiguratorLayoutProps'.
src/app/(public)/calculators/bike-fit/BikeFitCalculatorForm.tsx(230,111): error TS2345: Argument of type 'unknown' is not assignable to parameter of type 'string | number'.
src/app/(public)/calculators/bike-fit/BikeFitCalculatorForm.tsx(247,105): error TS2345: Argument of type 'unknown' is not assignable to parameter of type 'string | number'.
src/app/(public)/calculators/crank-length/CrankLengthCalculatorForm.tsx(6,40): error TS2307: Cannot find module '@/components/calculators/PersonalizeAdviceBlock' or its corresponding type declarations.
src/app/(public)/calculators/crank-length/CrankLengthCalculatorForm.tsx(7,38): error TS2307: Cannot find module '@/components/calculators/HandoffPrefillNotice' or its corresponding type declarations.
src/app/(public)/calculators/crank-length/CrankLengthCalculatorForm.tsx(98,7): error TS2322: Type '{ notice: false | Element; afterResults: false | Element; eyebrow: string; title: string; description: string; inputs: Element; results: Element; stickyResult: Element; }' is not assignable to type 'IntrinsicAttributes & ConfiguratorLayoutProps'.
  Property 'notice' does not exist on type 'IntrinsicAttributes & ConfiguratorLayoutProps'.
src/app/(public)/calculators/frame-size/FrameSizeCalculatorForm.tsx(5,40): error TS2307: Cannot find module '@/components/calculators/PersonalizeAdviceBlock' or its corresponding type declarations.
src/app/(public)/calculators/frame-size/FrameSizeCalculatorForm.tsx(6,38): error TS2307: Cannot find module '@/components/calculators/HandoffPrefillNotice' or its corresponding type declarations.
src/app/(public)/calculators/frame-size/FrameSizeCalculatorForm.tsx(126,7): error TS2322: Type '{ notice: false | Element; afterResults: false | Element; eyebrow: string; title: string; description: string; inputs: Element; results: Element; stickyResult: Element; }' is not assignable to type 'IntrinsicAttributes & ConfiguratorLayoutProps'.
  Property 'notice' does not exist on type 'IntrinsicAttributes & ConfiguratorLayoutProps'.
src/app/(public)/calculators/gearing/GearingCalculatorForm.tsx(10,40): error TS2307: Cannot find module '@/components/calculators/PersonalizeAdviceBlock' or its corresponding type declarations.
src/app/(public)/calculators/gearing/GearingCalculatorForm.tsx(11,38): error TS2307: Cannot find module '@/components/calculators/HandoffPrefillNotice' or its corresponding type declarations.
src/app/(public)/calculators/gearing/GearingCalculatorForm.tsx(257,7): error TS2322: Type '{ notice: false | Element; afterResults: false | Element; navigation: ReactNode; eyebrow: string; title: string; description: string; inputs: Element; results: Element; stickyResult: Element; }' is not assignable to type 'IntrinsicAttributes & ConfiguratorLayoutProps'.
  Property 'notice' does not exist on type 'IntrinsicAttributes & ConfiguratorLayoutProps'.
src/app/(public)/calculators/power-speed/PerformanceCalculator.tsx(5,40): error TS2307: Cannot find module '@/components/calculators/PersonalizeAdviceBlock' or its corresponding type declarations.
src/app/(public)/calculators/power-speed/PerformanceCalculator.tsx(6,38): error TS2307: Cannot find module '@/components/calculators/HandoffPrefillNotice' or its corresponding type declarations.
src/app/(public)/calculators/power-speed/PerformanceCalculator.tsx(220,7): error TS2322: Type '{ notice: false | Element; afterResults: false | Element; eyebrow: string; title: string; description: string; navigation: string | number | bigint | boolean | Iterable<ReactNode> | Promise<...> | Element; inputs: Element; results: Element; stickyResult: Element; }' is not assignable to type 'IntrinsicAttributes & ConfiguratorLayoutProps'.
  Property 'notice' does not exist on type 'IntrinsicAttributes & ConfiguratorLayoutProps'.
src/app/(public)/calculators/saddle-height/SaddleHeightCalculatorForm.tsx(5,40): error TS2307: Cannot find module '@/components/calculators/PersonalizeAdviceBlock' or its corresponding type declarations.
src/app/(public)/calculators/saddle-height/SaddleHeightCalculatorForm.tsx(6,38): error TS2307: Cannot find module '@/components/calculators/HandoffPrefillNotice' or its corresponding type declarations.
src/app/(public)/calculators/saddle-height/SaddleHeightCalculatorForm.tsx(11,10): error TS2459: Module '"@/components/calculators/useCalculatorValuesChange"' declares 'useRef' locally, but it is not exported.
src/app/(public)/calculators/saddle-height/SaddleHeightCalculatorForm.tsx(11,18): error TS2459: Module '"@/components/calculators/useCalculatorValuesChange"' declares 'useEffect' locally, but it is not exported.
src/app/(public)/calculators/saddle-height/SaddleHeightCalculatorForm.tsx(216,7): error TS2322: Type '{ notice: false | Element; afterResults: false | Element; eyebrow: string; title: string; description: string; inputs: Element; results: Element; stickyResult: Element; }' is not assignable to type 'IntrinsicAttributes & ConfiguratorLayoutProps'.
  Property 'notice' does not exist on type 'IntrinsicAttributes & ConfiguratorLayoutProps'.
src/app/(public)/calculators/saddle-height/SaddleHeightCalculatorForm.tsx(275,113): error TS2345: Argument of type 'unknown' is not assignable to parameter of type 'string | number'.
src/app/(public)/calculators/saddle-height/SaddleHeightCalculatorForm.tsx(292,107): error TS2345: Argument of type 'unknown' is not assignable to parameter of type 'string | number'.
src/app/(public)/calculators/saddle-width/SaddleWidthCalculatorForm.tsx(6,40): error TS2307: Cannot find module '@/components/calculators/PersonalizeAdviceBlock' or its corresponding type declarations.
src/app/(public)/calculators/saddle-width/SaddleWidthCalculatorForm.tsx(7,38): error TS2307: Cannot find module '@/components/calculators/HandoffPrefillNotice' or its corresponding type declarations.
src/app/(public)/calculators/saddle-width/SaddleWidthCalculatorForm.tsx(151,7): error TS2322: Type '{ notice: false | Element; afterResults: false | Element; eyebrow: string; title: string; description: string; navigation: ReactNode; inputs: Element; results: Element; stickyResult: Element; }' is not assignable to type 'IntrinsicAttributes & ConfiguratorLayoutProps'.
  Property 'notice' does not exist on type 'IntrinsicAttributes & ConfiguratorLayoutProps'.
src/components/features/pressure/PressureCalculatorForm.tsx(5,40): error TS2307: Cannot find module '@/components/calculators/PersonalizeAdviceBlock' or its corresponding type declarations.
src/components/features/pressure/PressureCalculatorForm.tsx(6,38): error TS2307: Cannot find module '@/components/calculators/HandoffPrefillNotice' or its corresponding type declarations.
src/components/features/pressure/PressureCalculatorForm.tsx(234,7): error TS2322: Type '{ notice: false | Element; afterResults: false | Element; eyebrow: string; title: string; description: string; navigation: ReactNode; inputs: Element; results: Element; stickyResult: Element | null; }' is not assignable to type 'IntrinsicAttributes & ConfiguratorLayoutProps'.
  Property 'notice' does not exist on type 'IntrinsicAttributes & ConfiguratorLayoutProps'.
